int main()
	float a,b,c
	5.1
	|
	a


	a+1.2
	|
	b

	b+1.2
	|
	c

	c-b
	|
	a

	printi(a)
	printi(b)
	printi(c)
Siri
